日期: 2026-06-11
目标: 尝试准备 imx6ull_led.ko 编译环境

## 当前板端内核

```text
uname -r: 4.9.88
```

板端 `/lib/modules/4.9.88/build` 指向：

```text
/home/book/100ask_imx6ull-sdk/Linux-4.9.88
```

但当前板端未发现该源码目录可用。

## Ubuntu 上的源码情况

本地曾找到并上传：

```text
E:\韦东山Linux嵌入式\学习日志\测试代码\linux-4.9.tar.xz
```

解压到 Ubuntu 后路径为：

```text
/home/liuzhiwei/kernel-src/linux-4.9
```

但该源码 Makefile 显示：

```text
VERSION = 4
PATCHLEVEL = 9
SUBLEVEL = 0
```

它是通用 `4.9.0`，不是板端正在运行的 `4.9.88` BSP Kernel，不能安全用于编译当前板端模块。

## 公开源码尝试

尝试在 Ubuntu 上拉取：

```bash
git clone --depth 1 https://github.com/100askTeam/imx-linux4.9.88.git
```

失败原因：

```text
fatal: unable to access 'https://github.com/100askTeam/imx-linux4.9.88.git/': Could not resolve host: github.com
```

尝试在 Windows 上 shallow clone 同仓库，10 分钟超时，已停止后台 git 进程。

## 当前结论

Day 2 内核模块 `.ko` 暂未编译成功。阻塞原因不是驱动代码，而是缺少与板端 `Linux 4.9.88` 匹配、已配置好的 BSP Kernel 构建目录。

下一步需要先补齐其中一个条件：

```text
1. 在 Ubuntu 准备 /home/book/100ask_imx6ull-sdk/Linux-4.9.88。
2. 或下载/解压 100askTeam/imx-linux4.9.88，并配置为当前板端 defconfig 后执行 modules_prepare。
3. 或找到原厂 VM/SDK 中已经编译过的 Linux-4.9.88 目录。
```

